node.exe : [2m5:04:52 
AM[22m 
[33m[1m[vite][22m[39m 
[33mwarning: `esbuild` 
option was specified by 
"vite:react-swc" plugin. 
This option is deprecated, 
please use `oxc` 
instead.[39m
At C:\Program 
Files\nodejs\npx.ps1:29 
char:3
+   & $NODE_EXE 
$NPX_CLI_JS $args
+   ~~~~~~~~~~~~~~~~~~~~~~~
~~~~~~
    + CategoryInfo         
     : NotSpecified: ([2  
  m5:04:52 AM...` inste   
 ad.[39m:String) [], R    
emoteException
    + FullyQualifiedErrorI 
   d : NativeCommandError
 
[36mvite v8.0.1 [32mbuilding client environment for production...[36m[39m
[2K
Browserslist: browsers 
data (caniuse-lite) is 10 
months old. Please run:
  npx update-browserslist-d
b@latest
  Why you should do it 
regularly: https://github.c
om/browserslist/update-db#r
eadme
transforming...Γ£ô 2194 modules transformed.
rendering chunks...
computing gzip size...
dist/index.html                     1.13 kB Γöé gzip:   0.49 kB
dist/assets/index-X6m0uj8e.css     83.64 kB Γöé gzip:  14.06 kB
dist/assets/web-CasQHxsL.js         0.36 kB Γöé gzip:   0.24 kB
dist/assets/web--i0Jin_8.js         0.76 kB Γöé gzip:   0.35 kB
dist/assets/web-pRPUKHhm.js         8.45 kB Γöé gzip:   2.82 kB
dist/assets/index-D7ezfYp9.js   1,239.97 kB Γöé gzip: 364.50 kB

[33m[plugin 
builtin:vite-reporter] 
(!) Some chunks are larger 
than 500 kB after 
minification. Consider:
- Using dynamic import() 
to code-split the 
application
- Use build.rolldownOptions
.output.codeSplitting to 
improve chunking: https://r
olldown.rs/reference/Output
Options.codeSplitting
- Adjust chunk size limit 
for this warning via build.
chunkSizeWarningLimit.[39m
[31mΓ£ù[39m Build failed 
in 5.96s
[31merror during build:
[31mBuild failed with 1 
error:

Error: [vite]: Rolldown 
failed to resolve import 
"react-joyride" from 
"D:/DOWNLOADS/Score Target/
grade-goal/src/components/P
roductTour.tsx".
This is most likely 
unintended because it can 
break your application at 
runtime.
If you do want to 
externalize this module 
explicitly add it to
`build.rollupOptions.extern
al`
    at viteLog (file:///D:/
DOWNLOADS/Score%20Target/gr
ade-goal/node_modules/vite/
dist/node/chunks/node.js:32
910:57)
    at file:///D:/DOWNLOADS
/Score%20Target/grade-goal/
node_modules/vite/dist/node
/chunks/node.js:32946:71
    at onwarn (file:///D:/D
OWNLOADS/Score%20Target/gra
de-goal/node_modules/@vitej
s/plugin-react-swc/index.js
:90:7)
    at file:///D:/DOWNLOADS
/Score%20Target/grade-goal/
node_modules/vite/dist/node
/chunks/node.js:32946:28
    at onRollupLog (file://
/D:/DOWNLOADS/Score%20Targe
t/grade-goal/node_modules/v
ite/dist/node/chunks/node.j
s:32941:63)
    at onLog (file:///D:/DO
WNLOADS/Score%20Target/grad
e-goal/node_modules/vite/di
st/node/chunks/node.js:3271
1:4)
    at file:///D:/DOWNLOADS
/Score%20Target/grade-goal/
node_modules/rolldown/dist/
shared/rolldown-build-yQC7K
N8K.mjs:49:26
    at logger (file:///D:/D
OWNLOADS/Score%20Target/gra
de-goal/node_modules/rolldo
wn/dist/shared/rolldown-bui
ld-yQC7KN8K.mjs:40:3)
    at onLog (file:///D:/DO
WNLOADS/Score%20Target/grad
e-goal/node_modules/rolldow
n/dist/shared/bindingify-in
put-options-DoaqRULI.mjs:19
50:32)[31m
    at aggregateBindingErro
rsIntoJsError (file:///D:/D
OWNLOADS/Score%20Target/gra
de-goal/node_modules/rolldo
wn/dist/shared/error-BO4SlZ
V_.mjs:48:18)
    at unwrapBindingResult 
(file:///D:/DOWNLOADS/Score
%20Target/grade-goal/node_m
odules/rolldown/dist/shared
/error-BO4SlZV_.mjs:18:128)
    at #build (file:///D:/D
OWNLOADS/Score%20Target/gra
de-goal/node_modules/rolldo
wn/dist/shared/rolldown-bui
ld-yQC7KN8K.mjs:3311:34)
    at async 
buildEnvironment (file:///D
:/DOWNLOADS/Score%20Target/
grade-goal/node_modules/vit
e/dist/node/chunks/node.js:
32817:64)
    at async Object.build (
file:///D:/DOWNLOADS/Score%
20Target/grade-goal/node_mo
dules/vite/dist/node/chunks
/node.js:33239:19)
    at async 
Object.buildApp (file:///D:
/DOWNLOADS/Score%20Target/g
rade-goal/node_modules/vite
/dist/node/chunks/node.js:3
3236:153)
    at async 
CAC.<anonymous> (file:///D:
/DOWNLOADS/Score%20Target/g
rade-goal/node_modules/vite
/dist/node/cli.js:778:3) {
  errors: [Getter/Setter]
}[39m
